Calculating task graph as configuration cache cannot be reused because file 'app/build.gradle.kts' has changed.

> Configure project :app
WARNING: The option setting 'android.usesSdkInManifest.disallowed=false' is deprecated.
The current default is 'true'.
It will be removed in version 10.0 of the Android Gradle plugin.
WARNING: The option setting 'android.sdk.defaultTargetSdkToCompileSdkIfUnset=false' is deprecated.
The current default is 'true'.
It will be removed in version 10.0 of the Android Gradle plugin.
WARNING: The option setting 'android.enableAppCompileTimeRClass=false' is deprecated.
The current default is 'true'.
It will be removed in version 10.0 of the Android Gradle plugin.
WARNING: The option setting 'android.builtInKotlin=false' is deprecated.
The current default is 'true'.
It will be removed in version 10.0 of the Android Gradle plugin.
WARNING: The option setting 'android.newDsl=false' is deprecated.
The current default is 'true'.
It will be removed in version 10.0 of the Android Gradle plugin.
WARNING: The option setting 'android.r8.optimizedResourceShrinking=false' is deprecated.
The current default is 'true'.
It will be removed in version 10.0 of the Android Gradle plugin.
WARNING: The option setting 'android.defaults.buildfeatures.resvalues=true' is deprecated.
The current default is 'false'.
It will be removed in version 10.0 of the Android Gradle plugin.
w: file:///Users/avinash/Documents/Git/Tempo/app/build.gradle.kts:19:1: 'fun Project.android(configure: Action<BaseAppModuleExtension>): Unit' is deprecated. Replaced by com.android.build.api.dsl.ApplicationExtension.
This class is not used for the public extensions in AGP when android.newDsl=true, which is the default in AGP 9.0, and will be removed in AGP 10.0.
WARNING: The property android.dependency.excludeLibraryComponentsFromConstraints improves project import performance for very large projects. It should be enabled to improve performance.
To suppress this warning, add android.generateSyncIssueWhenLibraryConstraintsAreEnabled=false to gradle.properties
WARNING: The property android.dependency.excludeLibraryComponentsFromConstraints improves project import performance for very large projects. It should be enabled to improve performance.
To suppress this warning, add android.generateSyncIssueWhenLibraryConstraintsAreEnabled=false to gradle.properties
WARNING: The property android.dependency.excludeLibraryComponentsFromConstraints improves project import performance for very large projects. It should be enabled to improve performance.
To suppress this warning, add android.generateSyncIssueWhenLibraryConstraintsAreEnabled=false to gradle.properties
WARNING: The property android.dependency.excludeLibraryComponentsFromConstraints improves project import performance for very large projects. It should be enabled to improve performance.
To suppress this warning, add android.generateSyncIssueWhenLibraryConstraintsAreEnabled=false to gradle.properties

> Task :app:generateDebugAssets UP-TO-DATE
> Task :app:generateReleaseAssets UP-TO-DATE
> Task :app:checkKotlinGradlePluginConfigurationErrors SKIPPED
> Task :app:preBuild UP-TO-DATE
> Task :app:preReleaseBuild UP-TO-DATE
> Task :app:preDebugBuild UP-TO-DATE
> Task :app:generateDebugResValues UP-TO-DATE
> Task :app:mergeReleaseJniLibFolders UP-TO-DATE
> Task :app:mergeDebugNativeDebugMetadata NO-SOURCE
> Task :app:buildKotlinToolingMetadata UP-TO-DATE
> Task :app:createDebugCompatibleScreenManifests
> Task :app:javaPreCompileDebug UP-TO-DATE
> Task :app:checkDebugAarMetadata UP-TO-DATE
> Task :app:mergeDebugAssets UP-TO-DATE
> Task :app:desugarDebugFileDependencies UP-TO-DATE
> Task :app:validateSigningDebug UP-TO-DATE
> Task :app:compressDebugAssets UP-TO-DATE
> Task :app:mergeDebugJniLibFolders UP-TO-DATE
> Task :app:writeDebugAppMetadata UP-TO-DATE
> Task :app:extractDeepLinksDebug UP-TO-DATE
> Task :app:checkDebugDuplicateClasses UP-TO-DATE
> Task :app:checkReleaseDuplicateClasses UP-TO-DATE
> Task :app:writeDebugSigningConfigVersions UP-TO-DATE
> Task :app:generateDebugBuildConfig
> Task :app:generateDebugResources UP-TO-DATE
> Task :app:mapDebugSourceSetPaths UP-TO-DATE
> Task :app:generateReleaseBuildConfig UP-TO-DATE
> Task :app:processDebugNavigationResources UP-TO-DATE
> Task :app:checkReleaseAarMetadata UP-TO-DATE
> Task :app:mergeLibDexDebug UP-TO-DATE
> Task :app:mergeReleaseNativeLibs UP-TO-DATE
> Task :app:mergeDebugNativeLibs UP-TO-DATE
> Task :app:generateReleaseResValues UP-TO-DATE
> Task :app:compileDebugNavigationResources UP-TO-DATE
> Task :app:stripReleaseDebugSymbols UP-TO-DATE
> Task :app:stripDebugDebugSymbols UP-TO-DATE
> Task :app:createReleaseCompatibleScreenManifests UP-TO-DATE
> Task :app:mergeExtDexDebug UP-TO-DATE
> Task :app:extractDeepLinksRelease UP-TO-DATE
> Task :app:extractReleaseNativeSymbolTables UP-TO-DATE
> Task :app:javaPreCompileRelease UP-TO-DATE
> Task :app:mergeReleaseNativeDebugMetadata NO-SOURCE
> Task :app:mergeReleaseStartupProfile UP-TO-DATE
> Task :app:processReleaseMainManifest UP-TO-DATE
> Task :app:mergeReleaseAssets UP-TO-DATE
> Task :app:mergeReleaseArtProfile UP-TO-DATE
> Task :app:processReleaseManifest UP-TO-DATE
> Task :app:compressReleaseAssets UP-TO-DATE
> Task :app:processReleaseManifestForPackage UP-TO-DATE
> Task :app:extractReleaseVersionControlInfo UP-TO-DATE
> Task :app:validateSigningRelease UP-TO-DATE
> Task :app:writeReleaseAppMetadata UP-TO-DATE
> Task :app:preDebugAndroidTestBuild SKIPPED
> Task :app:writeReleaseSigningConfigVersions UP-TO-DATE
> Task :app:generateDebugAndroidTestResValues UP-TO-DATE
> Task :app:preDebugUnitTestBuild UP-TO-DATE
> Task :app:extractProguardFiles UP-TO-DATE
> Task :app:javaPreCompileDebugUnitTest UP-TO-DATE
> Task :app:collectReleaseDependencies UP-TO-DATE
> Task :app:sdkReleaseDependencyData UP-TO-DATE
> Task :app:packageDebugResources UP-TO-DATE
> Task :app:parseDebugLocalResources UP-TO-DATE
> Task :app:generateReleaseResources UP-TO-DATE
> Task :app:desugarReleaseFileDependencies UP-TO-DATE
> Task :app:processReleaseNavigationResources UP-TO-DATE
> Task :app:mapReleaseSourceSetPaths UP-TO-DATE
> Task :app:compileReleaseNavigationResources UP-TO-DATE
> Task :app:packageReleaseResources UP-TO-DATE
> Task :app:mergeExtDexRelease UP-TO-DATE
> Task :app:parseReleaseLocalResources UP-TO-DATE
> Task :app:mergeReleaseResources UP-TO-DATE
> Task :app:processReleaseResources UP-TO-DATE
> Task :app:mergeDebugResources UP-TO-DATE
> Task :app:processDebugMainManifest
> Task :app:processDebugManifest
> Task :app:processDebugManifestForPackage
> Task :app:optimizeReleaseResources
> Task :app:processDebugResources
> Task :app:kspDebugKotlin
> Task :app:kspReleaseKotlin

> Task :app:compileDebugKotlin
e: file:///Users/avinash/Documents/Git/Tempo/app/src/main/java/me/avinas/tempo/ui/details/AlbumDetailsScreen.kt:354:28 Overload resolution ambiguity between candidates:
fun formatListeningTime(ms: Long): String
fun formatListeningTime(millis: Long): String
e: file:///Users/avinash/Documents/Git/Tempo/app/src/main/java/me/avinas/tempo/ui/details/AlbumDetailsScreen.kt:477:1 Conflicting overloads:
fun formatListeningTime(millis: Long): String

> Task :app:compileDebugKotlin FAILED

> Task :app:compileReleaseKotlin FAILED
e: file:///Users/avinash/Documents/Git/Tempo/app/src/main/java/me/avinas/tempo/ui/details/AlbumDetailsScreen.kt:354:28 Overload resolution ambiguity between candidates:
fun formatListeningTime(ms: Long): String
fun formatListeningTime(millis: Long): String
e: file:///Users/avinash/Documents/Git/Tempo/app/src/main/java/me/avinas/tempo/ui/details/AlbumDetailsScreen.kt:477:1 Conflicting overloads:
fun formatListeningTime(millis: Long): String
e: file:///Users/avinash/Documents/Git/Tempo/app/src/main/java/me/avinas/tempo/ui/details/ArtistDetailsScreen.kt:579:28 Overload resolution ambiguity between candidates:
fun formatListeningTime(ms: Long): String
fun formatListeningTime(millis: Long): String
e: file:///Users/avinash/Documents/Git/Tempo/app/src/main/java/me/avinas/tempo/ui/details/ArtistDetailsScreen.kt:630:25 Cannot infer type for this parameter. Specify it explicitly.
e: file:///Users/avinash/Documents/Git/Tempo/app/src/main/java/me/avinas/tempo/ui/details/ArtistDetailsScreen.kt:631:36 Overload resolution ambiguity between candidates:
fun formatListeningTime(ms: Long): String
fun formatListeningTime(millis: Long): String
e: file:///Users/avinash/Documents/Git/Tempo/app/src/main/java/me/avinas/tempo/ui/details/ArtistDetailsScreen.kt:770:1 Conflicting overloads:
fun formatListeningTime(ms: Long): String

FAILURE: Build completed with 2 failures.

1: Task failed with an exception.
-----------
* What went wrong:
Execution failed for task ':app:compileDebugKotlin'.
> A failure occurred while executing org.jetbrains.kotlin.compilerRunner.GradleCompilerRunnerWithWorkers$GradleKotlinCompilerWorkAction
   > Compilation error. See log for more details

* Try:
> Run with --stacktrace option to get the stack trace.
> Run with --info or --debug option to get more log output.
> Run with --scan to generate a Build Scan (Powered by Develocity).
> Get more help at https://help.gradle.org.
==============================================================================

2: Task failed with an exception.
-----------
* What went wrong:
Execution failed for task ':app:compileReleaseKotlin'.
> A failure occurred while executing org.jetbrains.kotlin.compilerRunner.GradleCompilerRunnerWithWorkers$GradleKotlinCompilerWorkAction
   > Compilation error. See log for more details

* Try:
> Run with --stacktrace option to get the stack trace.
> Run with --info or --debug option to get more log output.
> Run with --scan to generate a Build Scan (Powered by Develocity).
> Get more help at https://help.gradle.org.
==============================================================================

BUILD FAILED in 41s
72 actionable tasks: 11 executed, 61 up-to-date
Configuration cache entry stored.
